// Jest Snapshot v1, https://goo.gl/fbAQLP

exports[`ChartTableRows renders with defaultProps 1`] = `
<table
  className="ax-chart-table__rows"
>
  <tbody>
    <tr
      className="ax-chart-table__row"
    >
      <td
        className="ax-chart-table__cell ax-text--color-subtle"
        style={
          Object {
            "width": undefined,
          }
        }
      >
        Lorem
      </td>
      <td
        className="ax-chart-table__cell"
      >
        Lorem
      </td>
    </tr>
  </tbody>
</table>
`;
