// Jest Snapshot v1, https://goo.gl/fbAQLP

exports[`DialogHeader renders with defaultProps 1`] = `
<div
  className="ax-dialog__header"
>
  <div
    className="ax-grid__container ax-space--x6"
  >
    <div
      className="ax-grid ax-grid--gutters-horizontal--medium ax-grid--gutters-vertical--medium ax-grid--wrap"
    >
      <div
        className="ax-grid__cell"
        style={
          Object {
            "width": undefined,
          }
        }
      >
        Lorem ipsum
      </div>
      <div
        className="ax-grid__cell ax-grid__cell--shrink"
        style={
          Object {
            "width": undefined,
          }
        }
      >
        <a
          className="ax-link ax-link--style-subtle"
          onClick={undefined}
        >
          <svg
            className="ax-icon ax-icon--cross"
            dangerouslySetInnerHTML={
              Object {
                "__html": "<g fill-rule=\\"nonzero\\" stroke=\\"currentColor\\" stroke-width=\\"2.1\\" fill=\\"none\\"><path d=\\"M3.75 12.25l8.5-8.5\\" class=\\"ax-animicon__path-1\\"/><path d=\\"M3.75 3.75l8.5 8.5\\" class=\\"ax-animicon__path-2\\"/></g>",
              }
            }
            style={
              Object {
                "height": "1rem",
                "width": "1rem",
              }
            }
            viewBox="0 0 16 16"
          />
        </a>
      </div>
    </div>
  </div>
</div>
`;
