// Jest Snapshot v1, https://goo.gl/fbAQLP

exports[`Panels renders with defaultProps 1`] = `
<div
  className="ax-panels ax-theme--light"
>
  <div
    className="ax-panel ax-theme--light"
    style={
      Object {
        "minHeight": undefined,
      }
    }
  >
    Lorem Ipsum
  </div>
  <div
    className="ax-panel ax-theme--light"
    style={
      Object {
        "minHeight": undefined,
      }
    }
  >
    Lorem Ipsum
  </div>
</div>
`;
