// Jest Snapshot v1, https://goo.gl/fbAQLP

exports[`ColumnChartXAxis renders with defaultProps 1`] = `
<div
  className="ax-column-chart"
  style={
    Object {
      "height": "10rem",
    }
  }
>
  <div
    className="ax-column-chart__row"
  >
    <div
      className="ax-column-chart__visual"
    >
      <div
        className="ax-column-chart__bars"
      >
        <div
          className="ax-bars ax-bars--up"
        >
          <div
            className="ax-bars__bars-container"
          >
            <div
              className="ax-bars__bars"
            />
          </div>
        </div>
      </div>
    </div>
  </div>
</div>
`;
