// Jest Snapshot v1, https://goo.gl/fbAQLP

exports[`ColumnChartXAxisLabel renders with defaultProps 1`] = `
<div
  className="ax-column-chart__x-axis-label"
>
  <h5
    className="ax-space--tiny ax-text--size-large"
  >
    <strong
      className="ax-text--strong"
    >
      Lorem
    </strong>
  </h5>
</div>
`;
