// Jest Snapshot v1, https://goo.gl/fbAQLP

exports[`MirroredColumnChart renders with defaultProps 1`] = `
<div
  className="ax-column-chart"
  style={
    Object {
      "height": "20rem",
    }
  }
>
  <div
    className="ax-column-chart"
    style={
      Object {
        "height": "20rem",
      }
    }
  >
    <div
      className="ax-column-chart__row"
    >
      <div
        className="ax-column-chart__visual"
      >
        <div
          className="ax-column-chart__bars"
        >
          <div
            className="ax-bars ax-bars--up"
          >
            <div
              className="ax-bars__bars-container"
            >
              <div
                className="ax-bars__bars"
              />
            </div>
          </div>
        </div>
      </div>
    </div>
  </div>
  <div
    className="ax-column-chart__x-axis"
    style={
      Object {
        "paddingLeft": "10rem",
      }
    }
  >
    <div
      className="ax-column-chart__x-axis-label"
    >
      <h4
        className="ax-heading ax-heading--large ax-space--tiny"
      >
        <strong
          className="ax-text--strong"
        >
          test
        </strong>
      </h4>
    </div>
  </div>
  <div
    className="ax-column-chart"
    style={
      Object {
        "height": "20rem",
      }
    }
  >
    <div
      className="ax-column-chart__row"
    >
      <div
        className="ax-column-chart__visual"
      >
        <div
          className="ax-column-chart__bars"
        >
          <div
            className="ax-bars ax-bars--down"
          >
            <div
              className="ax-bars__bars-container"
            >
              <div
                className="ax-bars__bars"
              />
            </div>
          </div>
        </div>
      </div>
    </div>
  </div>
</div>
`;
