// Jest Snapshot v1, https://goo.gl/fbAQLP

exports[`CheckBox renders with defaultProps 1`] = `
<label
  className="ax-chedio-buttox__container ax-space--x2"
  onClick={undefined}
>
  <input
    className="ax-chedio-buttox ax-checkbox"
    disabled={undefined}
    type="checkbox"
  />
  <span
    className="ax-chedio-buttox__indicator ax-checkbox__indicator"
  />
  <span
    className="ax-chedio-buttox__label"
  >
    Lorem ipsum
  </span>
</label>
`;
