// Jest Snapshot v1, https://goo.gl/fbAQLP

exports[`ChedioButtoxGroup renders with defaultProps 1`] = `
<div
  className="ax-chedio-buttox-group"
>
  <label
    className="ax-chedio-buttox__container ax-space--x2"
    onClick={undefined}
    title={undefined}
  >
    <input
      className="ax-chedio-buttox"
      disabled={undefined}
      type={undefined}
    />
    <span
      className="ax-chedio-buttox__indicator"
    />
    <span
      className="ax-chedio-buttox__label"
    >
      Lorem ipsum
    </span>
  </label>
  <label
    className="ax-chedio-buttox__container ax-space--x2"
    onClick={undefined}
    title={undefined}
  >
    <input
      className="ax-chedio-buttox"
      disabled={undefined}
      type={undefined}
    />
    <span
      className="ax-chedio-buttox__indicator"
    />
    <span
      className="ax-chedio-buttox__label"
    >
      Lorem ipsum
    </span>
  </label>
</div>
`;
