// Jest Snapshot v1, https://goo.gl/fbAQLP

exports[`DotPlot renders with sorted data 1`] = `
<svg
  className="ax-dot-plot"
  style={
    Object {
      "height": "0.8125rem",
      "marginLeft": "-0.40625rem",
    }
  }
>
  <svg
    className="ax-dot-plot__line"
    height="1px"
    preserveAspectRatio="none"
    shapeRendering="crispEdges"
    viewBox="0 0 1 1"
    width="10%"
    x="10%"
    y="50%"
  >
    <path
      className="ax-dot-plot__line-path"
      d="M 0 1 H 1"
      strokeWidth="1"
    />
  </svg>
  <svg
    className="ax-data-points"
    onClick={undefined}
    preserveAspectRatio="xMinYMin meet"
    style={
      Object {
        "height": "0.8125rem",
        "width": "0.8125rem",
      }
    }
    viewBox="0 0 24 24"
    x="10%"
  >
    <circle
      className="ax-data-point ax-data-point--blue"
      cx={12}
      cy={12}
      r={12}
    />
  </svg>
  <svg
    className="ax-data-points"
    onClick={undefined}
    preserveAspectRatio="xMinYMin meet"
    style={
      Object {
        "height": "0.8125rem",
        "width": "0.8125rem",
      }
    }
    viewBox="0 0 24 24"
    x="20%"
  >
    <circle
      className="ax-data-point ax-data-point--pink"
      cx={12}
      cy={12}
      r={12}
    />
  </svg>
</svg>
`;

exports[`DotPlot renders with unsorted data 1`] = `
<svg
  className="ax-dot-plot"
  style={
    Object {
      "height": "0.8125rem",
      "marginLeft": "-0.40625rem",
    }
  }
>
  <svg
    className="ax-dot-plot__line"
    height="1px"
    preserveAspectRatio="none"
    shapeRendering="crispEdges"
    viewBox="0 0 1 1"
    width="10%"
    x="10%"
    y="50%"
  >
    <path
      className="ax-dot-plot__line-path"
      d="M 0 1 H 1"
      strokeWidth="1"
    />
  </svg>
  <svg
    className="ax-data-points"
    onClick={undefined}
    preserveAspectRatio="xMinYMin meet"
    style={
      Object {
        "height": "0.8125rem",
        "width": "0.8125rem",
      }
    }
    viewBox="0 0 24 24"
    x="20%"
  >
    <circle
      className="ax-data-point ax-data-point--pink"
      cx={12}
      cy={12}
      r={12}
    />
  </svg>
  <svg
    className="ax-data-points"
    onClick={undefined}
    preserveAspectRatio="xMinYMin meet"
    style={
      Object {
        "height": "0.8125rem",
        "width": "0.8125rem",
      }
    }
    viewBox="0 0 24 24"
    x="10%"
  >
    <circle
      className="ax-data-point ax-data-point--blue"
      cx={12}
      cy={12}
      r={12}
    />
  </svg>
</svg>
`;
