// Jest Snapshot v1, https://goo.gl/fbAQLP

exports[`ChartPanels renders with defaultProps 1`] = `
<div
  className="ax-chart-panels"
>
  <div
    className="ax-chart-panel"
    style={
      Object {
        "minHeight": undefined,
      }
    }
  >
    Lorem Ipsum
  </div>
  <div
    className="ax-chart-panel"
    style={
      Object {
        "minHeight": undefined,
      }
    }
  >
    Lorem Ipsum
  </div>
</div>
`;
