// Jest Snapshot v1, https://goo.gl/fbAQLP

exports[`Avatar renders with custom size 1`] = `
<div
  className="ax-image-circle"
  style={
    Object {
      "height": "4rem",
      "width": "4rem",
    }
  }
>
  <div
    className="ax-image-circle__image"
  >
    <img
      className="ax-image ax-space--small"
      onError={[Function]}
      src="/image/path"
      style={
        Object {
          "width": "100%",
        }
      }
    />
  </div>
</div>
`;
